apiVersion: v1
kind: Service
metadata:
  labels:
    clabernetes/app: clabernetes
    clabernetes/name: topology-basic-srl1
    clabernetes/topologyKind: containerlab
    clabernetes/topologyNode: srl1
    clabernetes/topologyOwner: topology-basic
    clabernetes/topologyServiceType: fabric
  name: topology-basic-srl1-vx
  namespace: NAMESPACE
  ownerReferences:
    - apiVersion: clabernetes.containerlab.dev/v1alpha1
      kind: Topology
      name: topology-basic
spec:
  internalTrafficPolicy: Cluster
  ipFamilies:
    - IPv4
  ipFamilyPolicy: SingleStack
  ports:
    - name: vxlan
      port: 14789
      protocol: UDP
      targetPort: 14789
      targetPort: 4799
  selector:
    clabernetes/app: clabernetes
    clabernetes/name: topology-basic-srl1
    clabernetes/topologyNode: srl1
    clabernetes/topologyOwner: topology-basic
  sessionAffinity: None
  type: ClusterIP
status:
  loadBalancer: {}
