{
    "metadata": {
        "name": "render-service-fabric-test-srl1-vx",
        "namespace": "clabernetes",
        "creationTimestamp": null,
        "labels": {
            "clabernetes/app": "clabernetes",
            "clabernetes/name": "render-service-fabric-test-srl1",
            "clabernetes/topologyKind": "containerlab",
            "clabernetes/topologyNode": "srl1",
            "clabernetes/topologyOwner": "render-service-fabric-test",
            "clabernetes/topologyServiceType": "fabric"
        }
    },
    "spec": {
        "ports": [
            {
                "name": "vxlan",
                "protocol": "UDP",
                "port": 14789,
                "targetPort": 14789
            }
        ],
        "selector": {
            "clabernetes/app": "clabernetes",
            "clabernetes/name": "render-service-fabric-test-srl1",
            "clabernetes/topologyNode": "srl1",
            "clabernetes/topologyOwner": "render-service-fabric-test"
        },
        "type": "ClusterIP"
    },
    "status": {
        "loadBalancer": {}
    }
}