{
    "metadata": {
        "name": "render-deployment-test-srl1",
        "namespace": "clabernetes",
        "creationTimestamp": null,
        "labels": {
            "app.kubernetes.io/name": "render-deployment-test-srl1",
            "clabernetes/app": "clabernetes",
            "clabernetes/name": "render-deployment-test-srl1",
            "clabernetes/topologyNode": "srl1",
            "clabernetes/topologyOwner": "render-deployment-test"
        },
        "annotations": {
            "container.apparmor.security.beta.kubernetes.io/srl1": "unconfined"
        }
    },
    "spec": {
        "replicas": 1,
        "selector": {
            "matchLabels": {
                "app.kubernetes.io/name": "render-deployment-test-srl1",
                "clabernetes/app": "clabernetes",
                "clabernetes/name": "render-deployment-test-srl1",
                "clabernetes/topologyNode": "srl1",
                "clabernetes/topologyOwner": "render-deployment-test"
            }
        },
        "template": {
            "metadata": {
                "creationTimestamp": null,
                "labels": {
                    "app.kubernetes.io/name": "render-deployment-test-srl1",
                    "clabernetes/app": "clabernetes",
                    "clabernetes/name": "render-deployment-test-srl1",
                    "clabernetes/topologyNode": "srl1",
                    "clabernetes/topologyOwner": "render-deployment-test"
                },
                "annotations": {
                    "container.apparmor.security.beta.kubernetes.io/srl1": "unconfined"
                }
            },
            "spec": {
                "volumes": [
                    {
                        "name": "render-deployment-test-config",
                        "configMap": {
                            "name": "render-deployment-test",
                            "defaultMode": 493
                        }
                    },
                    {
                        "name": "docker",
                        "emptyDir": {}
                    },
                    {
                        "name": "dev-kvm",
                        "hostPath": {
                            "path": "/dev/kvm",
                            "type": ""
                        }
                    },
                    {
                        "name": "dev-fuse",
                        "hostPath": {
                            "path": "/dev/fuse",
                            "type": ""
                        }
                    },
                    {
                        "name": "dev-net-tun",
                        "hostPath": {
                            "path": "/dev/net/tun",
                            "type": ""
                        }
                    }
                ],
                "containers": [
                    {
                        "name": "srl1",
                        "image": "ghcr.io/srl-labs/clabernetes/clabernetes-launcher:latest",
                        "command": [
                            "/clabernetes/manager",
                            "launch"
                        ],
                        "workingDir": "/clabernetes",
                        "ports": [
                            {
                                "name": "vxlan",
                                "containerPort": 14789,
                                "protocol": "UDP"
                            }
                        ],
                        "env": [
                            {
                                "name": "NODE_NAME",
                                "valueFrom": {
                                    "fieldRef": {
                                        "apiVersion": "v1",
                                        "fieldPath": "spec.nodeName"
                                    }
                                }
                            },
                            {
                                "name": "POD_NAME",
                                "valueFrom": {
                                    "fieldRef": {
                                        "apiVersion": "v1",
                                        "fieldPath": "metadata.name"
                                    }
                                }
                            },
                            {
                                "name": "POD_NAMESPACE",
                                "valueFrom": {
                                    "fieldRef": {
                                        "apiVersion": "v1",
                                        "fieldPath": "metadata.namespace"
                                    }
                                }
                            },
                            {
                                "name": "APP_NAME",
                                "value": "clabernetes"
                            },
                            {
                                "name": "MANAGER_NAMESPACE",
                                "value": "clabernetes"
                            },
                            {
                                "name": "LAUNCHER_CRI_KIND"
                            },
                            {
                                "name": "LAUNCHER_IMAGE_PULL_THROUGH_MODE",
                                "value": "auto"
                            },
                            {
                                "name": "LAUNCHER_LOGGER_LEVEL",
                                "value": "info"
                            },
                            {
                                "name": "LAUNCHER_TOPOLOGY_NAME",
                                "value": "render-deployment-test"
                            },
                            {
                                "name": "LAUNCHER_NODE_NAME",
                                "value": "srl1"
                            },
                            {
                                "name": "LAUNCHER_NODE_IMAGE",
                                "value": "ghcr.io/nokia/srlinux"
                            },
                            {
                                "name": "LAUNCHER_CONNECTIVITY_KIND",
                                "value": "vxlan"
                            },
                            {
                                "name": "LAUNCHER_CONTAINERLAB_VERSION"
                            },
                            {
                                "name": "LAUNCHER_CONTAINERLAB_TIMEOUT"
                            }
                        ],
                        "resources": {},
                        "volumeMounts": [
                            {
                                "name": "render-deployment-test-config",
                                "readOnly": true,
                                "mountPath": "/clabernetes/topo.clab.yaml",
                                "subPath": "srl1"
                            },
                            {
                                "name": "render-deployment-test-config",
                                "readOnly": true,
                                "mountPath": "/clabernetes/files-from-url.yaml",
                                "subPath": "srl1-files-from-url"
                            },
                            {
                                "name": "render-deployment-test-config",
                                "readOnly": true,
                                "mountPath": "/clabernetes/configured-pull-secrets.yaml",
                                "subPath": "configured-pull-secrets"
                            },
                            {
                                "name": "docker",
                                "mountPath": "/var/lib/docker"
                            },
                            {
                                "name": "dev-kvm",
                                "readOnly": true,
                                "mountPath": "/dev/kvm"
                            },
                            {
                                "name": "dev-fuse",
                                "readOnly": true,
                                "mountPath": "/dev/fuse"
                            },
                            {
                                "name": "dev-net-tun",
                                "readOnly": true,
                                "mountPath": "/dev/net/tun"
                            }
                        ],
                        "terminationMessagePath": "/dev/termination-log",
                        "terminationMessagePolicy": "File",
                        "imagePullPolicy": "IfNotPresent",
                        "securityContext": {
                            "capabilities": {
                                "add": [
                                    "CHOWN",
                                    "DAC_OVERRIDE",
                                    "FSETID",
                                    "FOWNER",
                                    "MKNOD",
                                    "NET_RAW",
                                    "SETGID",
                                    "SETUID",
                                    "SETFCAP",
                                    "SETPCAP",
                                    "NET_BIND_SERVICE",
                                    "SYS_CHROOT",
                                    "KILL",
                                    "AUDIT_WRITE",
                                    "NET_ADMIN",
                                    "SYS_ADMIN",
                                    "SYS_RESOURCE",
                                    "LINUX_IMMUTABLE",
                                    "SYS_BOOT",
                                    "SYS_TIME",
                                    "SYS_MODULE",
                                    "SYS_RAWIO",
                                    "SYS_PTRACE",
                                    "SYS_NICE",
                                    "IPC_LOCK"
                                ]
                            },
                            "privileged": false,
                            "runAsUser": 0
                        }
                    }
                ],
                "restartPolicy": "Always",
                "serviceAccountName": "clabernetes-launcher-service-account",
                "hostname": "srl1"
            }
        },
        "strategy": {
            "type": "Recreate"
        },
        "revisionHistoryLimit": 0
    },
    "status": {}
}